<?xml version="1.0" encoding="utf-8"?><testsuites><testsuite name="pytest" errors="0" failures="0" skipped="3" tests="233" time="10.407" timestamp="2025-02-21T10:12:35.450586" hostname="MacBookPro"><testcase classname="tests.integration.test_integration_using-default-parameters" name="test_header_parse[TITLE]" time="0.036" /><testcase classname="tests.integration.test_integration_using-default-parameters" name="test_header_parse[AT]" time="0.028" /><testcase classname="tests.integration.test_integration_using-default-parameters" name="test_header_parse[ATX]" time="0.236" /><testcase classname="tests.integration.test_integration_using-default-parameters" name="test_header_parse[DATE]" time="0.080" /><testcase classname="tests.integration.test_integration_using-default-parameters" name="test_extra_header_tag_is_absent" time="0.056" /><testcase classname="tests.integration.test_integration_using-default-parameters" name="test_extra_header_tag_is_present" time="0.054" /><testcase classname="tests.integration.test_integration_using-default-parameters" name="test_default_peopla_parse" time="0.039" /><testcase classname="tests.integration.test_integration_using-default-parameters" name="test_two_attribute_peopla_parse" time="0.031" /><testcase classname="tests.integration.test_integration_using-default-parameters" name="test_datapoint_parse" time="0.124" /><testcase classname="tests.integration.test_integration_using-explicit-test-cases" name="test_peopla_attributes_of_attributes[peopla_content_D-settings_basic.yaml-A, B-C-attribute_dictionary0]" time="0.034" /><testcase classname="tests.integration.test_integration_using-explicit-test-cases" name="test_peopla_attributes_in_pedigrees[pedigree_attributes_A-settings_basic.yaml-C, D-E-attribute_dictionary0]" time="0.039" /><testcase classname="tests.integration.test_integration_using-explicit-test-cases" name="test_peopla_attributes_in_pedigrees[pedigree_attributes_B-settings_basic.yaml-C, D-E-attribute_dictionary1]" time="0.031" /><testcase classname="tests.integration.test_integration_using-explicit-test-cases" name="test_peopla_evidence_recording[peopla_content_D-settings_basic.yaml-A, B-expected_evidence_list0]" time="0.022" /><testcase classname="tests.integration.test_integration_using-explicit-test-cases" name="test_peopla_evidence_recording[peopla_content_E1-settings_basic.yaml-A, B-expected_evidence_list1]" time="0.027" /><testcase classname="tests.integration.test_integration_using-explicit-test-cases" name="test_peopla_evidence_recording[peopla_content_E2-settings_basic.yaml-C, D-expected_evidence_list2]" time="0.024" /><testcase classname="tests.integration.test_integration_using-explicit-test-cases" name="test_peopla_evidence_recording[peopla_content_F9-settings_basic.yaml-A, B-expected_evidence_list3]" time="0.051" /><testcase classname="tests.integration.test_integration_using-explicit-test-cases" name="test_peorel_evidence_recording[peorel_content_A1-settings_basic.yaml-B-SON-A-expected_evidence_list0]" time="0.029" /><testcase classname="tests.integration.test_integration_using-explicit-test-cases" name="test_peorel_evidence_recording[peorel_content_A2-settings_basic.yaml-B-SON-A-expected_evidence_list1]" time="0.040" /><testcase classname="tests.integration.test_integration_using-explicit-test-cases" name="test_peorel_evidence_recording[peorel_content_B1-settings_basic.yaml-B-SON-A-expected_evidence_list2]" time="0.058" /><testcase classname="tests.integration.test_integration_using-explicit-test-cases" name="test_peorel_evidence_recording[peorel_content_B2-settings_basic.yaml-B-SON-A-expected_evidence_list3]" time="0.034" /><testcase classname="tests.integration.test_integration_using-explicit-test-cases" name="test_actiongroup_evidence_recording_single_targets[secondary_peopla_content_A-settings_basic.yaml-A, B-C, D-J-expected_evidence_list0]" time="0.033" /><testcase classname="tests.integration.test_integration_using-explicit-test-cases" name="test_actiongroup_evidence_recording_single_targets[secondary_peopla_content_B-settings_basic.yaml-A, B-C, D-J-expected_evidence_list1]" time="0.050" /><testcase classname="tests.integration.test_integration_using-explicit-test-cases" name="test_actiongroup_evidence_recording_single_targets[peopla_content_E1-settings_basic.yaml-A, B-C, D-P-expected_evidence_list2]" time="0.027" /><testcase classname="tests.integration.test_integration_using-explicit-test-cases" name="test_actiongroup_evidence_recording_single_targets[peopla_content_E1-settings_basic.yaml-A, B-E, F-Q-expected_evidence_list3]" time="0.033" /><testcase classname="tests.integration.test_integration_using-explicit-test-cases" name="test_actiongroup_evidence_recording_single_targets[peopla_content_E2-settings_basic.yaml-A, B-C, D-P-expected_evidence_list4]" time="0.026" /><testcase classname="tests.integration.test_integration_using-explicit-test-cases" name="test_actiongroup_evidence_recording_single_targets[peopla_content_E3-settings_basic.yaml-A, B-C, D-Y-expected_evidence_list5]" time="0.038" /><testcase classname="tests.integration.test_integration_using-explicit-test-cases" name="test_actiongroup_evidence_recording_single_targets[peopla_content_Ex-settings_basic.yaml-A, B-C, D-Y-expected_evidence_list6]" time="0.040" /><testcase classname="tests.integration.test_integration_using-explicit-test-cases" name="test_actiongroup_evidence_recording_single_targets[peopla_content_Ex-settings_basic.yaml-A, B-E, F-Z-expected_evidence_list7]" time="0.040" /><testcase classname="tests.integration.test_integration_using-explicit-test-cases" name="test_actiongroup_evidence_recording_single_targets[peopla_content_F9-settings_basic.yaml-A, B-C, D-Y-expected_evidence_list8]" time="0.038" /><testcase classname="tests.integration.test_integration_using-explicit-test-cases" name="test_actiongroup_evidence_recording_multiple_targets[secondary_peopla_content_C-settings_basic.yaml-1-A, B-expected_target_peoplas0-J-expected_evidence_list0]" time="0.023" /><testcase classname="tests.integration.test_integration_using-explicit-test-cases" name="test_actiongroup_evidence_recording_multiple_targets[secondary_peopla_content_D-settings_basic.yaml-1-A, B-expected_target_peoplas1-J-expected_evidence_list1]" time="0.031" /><testcase classname="tests.integration.test_integration_using-explicit-test-cases" name="test_actiongroup_evidence_recording_multiple_targets[secondary_peopla_content_E-settings_basic.yaml-1-A, B-expected_target_peoplas2-J-expected_evidence_list2]" time="0.032" /><testcase classname="tests.integration.test_integration_using-explicit-test-cases" name="test_split_peopla_attributes[peopla_content_D-settings_basic.yaml-A, B-action_list0]" time="0.022" /><testcase classname="tests.integration.test_integration_using-explicit-test-cases" name="test_action_group_content_simple[peopla_content_E1-settings_basic.yaml-A, B-expected_action_group_info0]" time="0.024" /><testcase classname="tests.integration.test_integration_using-explicit-test-cases" name="test_action_group_content_with_inheritance[peopla_content_E2-settings_basic.yaml-A, B-expected_peopla_actions0-P-expected_inherited_attributes0]" time="0.023" /><testcase classname="tests.integration.test_integration_using-explicit-test-cases" name="test_complex_action_group_content[peopla_content_E3-settings_basic.yaml-expected_peopla_info0-expected_action_group_info0]" time="0.023" /><testcase classname="tests.integration.test_integration_using-explicit-test-cases" name="test_peopla_content[peopla_content_A-settings_basic.yaml-1-expected_global_ids0]" time="0.021" /><testcase classname="tests.integration.test_integration_using-explicit-test-cases" name="test_peopla_content[peopla_content_B-settings_basic.yaml-1-expected_global_ids1]" time="0.020" /><testcase classname="tests.integration.test_integration_using-explicit-test-cases" name="test_peopla_content[peopla_content_C-settings_basic.yaml-2-expected_global_ids2]" time="0.022" /><testcase classname="tests.integration.test_integration_using-explicit-test-cases" name="test_repeated_peoplas[peopla_content_F1-settings_basic.yaml-1]" time="0.020" /><testcase classname="tests.integration.test_integration_using-explicit-test-cases" name="test_repeated_peoplas[peopla_content_F2-settings_basic.yaml-2]" time="0.021" /><testcase classname="tests.integration.test_integration_using-explicit-test-cases" name="test_repeated_peoplas[peopla_content_F3-settings_basic.yaml-1]" time="0.019" /><testcase classname="tests.integration.test_integration_using-explicit-test-cases" name="test_repeated_peoplas[peopla_content_F4-settings_basic.yaml-2]" time="0.020" /><testcase classname="tests.integration.test_integration_using-explicit-test-cases" name="test_repeated_peoplas[peopla_content_F5-settings_basic.yaml-2]" time="0.021" /><testcase classname="tests.integration.test_integration_using-explicit-test-cases" name="test_repeated_peoplas[peopla_content_F6-settings_basic.yaml-3]" time="0.025" /><testcase classname="tests.integration.test_integration_using-explicit-test-cases" name="test_repeated_peoplas[peopla_content_F7-settings_basic.yaml-0]" time="0.018"><skipped type="pytest.xfail" message="Bug (see issue #57)" /></testcase><testcase classname="tests.integration.test_integration_using-explicit-test-cases" name="test_repeated_peoplas[peopla_content_F8-settings_basic.yaml-0]" time="0.020"><skipped type="pytest.xfail" message="Bug (see issue #57)" /></testcase><testcase classname="tests.integration.test_integration_using-explicit-test-cases" name="test_repeated_peoplas[peopla_content_F9-settings_basic.yaml-2]" time="0.033" /><testcase classname="tests.integration.test_integration_using-explicit-test-cases" name="test_peopla_peorel_parsing[peorel_content_A1-settings_basic.yaml-expected_peorels0]" time="0.017" /><testcase classname="tests.integration.test_integration_using-explicit-test-cases" name="test_peopla_peorel_parsing[peorel_content_A2-settings_basic.yaml-expected_peorels1]" time="0.023" /><testcase classname="tests.integration.test_integration_using-explicit-test-cases" name="test_actiongroup_peorel_parsing[peorel_content_B1-settings_basic.yaml-expected_peorels0]" time="0.022" /><testcase classname="tests.integration.test_integration_using-explicit-test-cases" name="test_actiongroup_peorel_parsing[peorel_content_B2-settings_basic.yaml-expected_peorels1]" time="0.021" /><testcase classname="tests.integration.test_integration_using-explicit-test-cases" name="test_actiongroup_peorel_parsing[peorel_content_B3-settings_basic.yaml-expected_peorels2]" time="0.023" /><testcase classname="tests.integration.test_integration_using-explicit-test-cases" name="test_actiongroup_peorel_parsing[peorel_content_B4-settings_basic.yaml-expected_peorels3]" time="0.023" /><testcase classname="tests.integration.test_integration_using-explicit-test-cases" name="test_actiongroup_peorel_parsing[peorel_content_B5-settings_basic.yaml-expected_peorels4]" time="0.032" /><testcase classname="tests.integration.test_integration_using-explicit-test-cases" name="test_actiongroup_peorel_parsing[peorel_content_B6-settings_basic.yaml-expected_peorels5]" time="0.030" /><testcase classname="tests.integration.test_integration_using-explicit-test-cases" name="test_actiongroup_peorel_parsing[secondary_peopla_content_F-settings_basic.yaml-expected_peorels6]" time="0.032" /><testcase classname="tests.integration.test_integration_using-explicit-test-cases" name="test_gender_inference_from_relations[peorel_content_C1-settings_basic.yaml-C-MALE-A-SON]" time="0.048" /><testcase classname="tests.integration.test_integration_using-explicit-test-cases" name="test_gender_inference_from_relations[peorel_content_C1-settings_basic.yaml-F-MALE-D-FATHER]" time="0.047" /><testcase classname="tests.integration.test_integration_using-explicit-test-cases" name="test_gender_inference_from_relations[peorel_content_C1-settings_basic.yaml-I-FEMALE-G-DAUG]" time="0.043" /><testcase classname="tests.integration.test_integration_using-explicit-test-cases" name="test_gender_inference_from_relations[peorel_content_C1-settings_basic.yaml-L-FEMALE-J-MOTHER]" time="0.046" /><testcase classname="tests.integration.test_integration_using-explicit-test-cases" name="test_gender_inference_from_relations[peorel_content_C1-settings_basic.yaml-O-UNKNOWN-M-X]" time="0.048" /><testcase classname="tests.integration.test_integration_using-explicit-test-cases" name="test_gender_evidence_is_correct[peorel_content_B7-settings_basic.yaml-C-FEMALE-2-7]" time="0.033" /><testcase classname="tests.integration.test_integration_using-explicit-test-cases" name="test_gender_evidence_is_correct[peorel_content_B7-settings_basic.yaml-D-FEMALE-2-9]" time="0.031" /><testcase classname="tests.integration.test_integration_using-explicit-test-cases" name="test_gender_evidence_is_correct[peorel_content_B8-settings_basic.yaml-C-FEMALE-2-7]" time="0.036" /><testcase classname="tests.integration.test_integration_using-explicit-test-cases" name="test_gender_evidence_is_correct[peorel_content_B8-settings_basic.yaml-D-FEMALE-2-12]" time="0.032" /><testcase classname="tests.integration.test_integration_using-explicit-test-cases" name="test_nested_pedigree_num_relations[nested_pedigree_A1-settings_basic.yaml-12]" time="0.111" /><testcase classname="tests.integration.test_integration_using-explicit-test-cases" name="test_nested_pedigree_num_relations[nested_pedigree_A2-settings_basic.yaml-8]" time="0.107" /><testcase classname="tests.integration.test_integration_using-explicit-test-cases" name="test_nested_pedigree_num_relations[nested_pedigree_A3-settings_basic.yaml-3]" time="0.060" /><testcase classname="tests.integration.test_integration_using-explicit-test-cases" name="test_nested_pedigree_num_relations[nested_pedigree_A3+-settings_basic.yaml-3]" time="0.051" /><testcase classname="tests.integration.test_integration_using-explicit-test-cases" name="test_nested_pedigree_num_relations[nested_pedigree_A4-settings_basic.yaml-4]" time="0.043" /><testcase classname="tests.integration.test_integration_using-explicit-test-cases" name="test_nested_pedigree_num_relations[nested_pedigree_A4+-settings_basic.yaml-4]" time="0.047" /><testcase classname="tests.integration.test_integration_using-explicit-test-cases" name="test_nested_pedigree_num_relations[nested_pedigree_A5-settings_basic.yaml-12]" time="0.068" /><testcase classname="tests.integration.test_integration_using-explicit-test-cases" name="test_nested_pedigree_relations_that_should_be_recorded[nested_pedigree_A1-settings_basic.yaml-C-B-DAUG-7]" time="0.076" /><testcase classname="tests.integration.test_integration_using-explicit-test-cases" name="test_nested_pedigree_relations_that_should_be_recorded[nested_pedigree_A1-settings_basic.yaml-C-A-DAUG-7]" time="0.075" /><testcase classname="tests.integration.test_integration_using-explicit-test-cases" name="test_nested_pedigree_relations_that_should_be_recorded[nested_pedigree_A1-settings_basic.yaml-E-D-DAUG-10]" time="0.086" /><testcase classname="tests.integration.test_integration_using-explicit-test-cases" name="test_nested_pedigree_relations_that_should_be_recorded[nested_pedigree_A1-settings_basic.yaml-E-C-DAUG-10]" time="0.082" /><testcase classname="tests.integration.test_integration_using-explicit-test-cases" name="test_nested_pedigree_relations_that_should_be_recorded[nested_pedigree_A1-settings_basic.yaml-G-F-DAUG-13]" time="0.077" /><testcase classname="tests.integration.test_integration_using-explicit-test-cases" name="test_nested_pedigree_relations_that_should_be_recorded[nested_pedigree_A1-settings_basic.yaml-G-E-DAUG-13]" time="0.076" /><testcase classname="tests.integration.test_integration_using-explicit-test-cases" name="test_nested_pedigree_relations_that_should_be_recorded[nested_pedigree_A1-settings_basic.yaml-I-H-DAUG-16]" time="0.067" /><testcase classname="tests.integration.test_integration_using-explicit-test-cases" name="test_nested_pedigree_relations_that_should_be_recorded[nested_pedigree_A1-settings_basic.yaml-I-G-DAUG-16]" time="0.066" /><testcase classname="tests.integration.test_integration_using-explicit-test-cases" name="test_nested_pedigree_relations_that_should_be_recorded[nested_pedigree_A1-settings_basic.yaml-K-J-DAUG-19]" time="0.066" /><testcase classname="tests.integration.test_integration_using-explicit-test-cases" name="test_nested_pedigree_relations_that_should_be_recorded[nested_pedigree_A1-settings_basic.yaml-K-I-DAUG-19]" time="0.065" /><testcase classname="tests.integration.test_integration_using-explicit-test-cases" name="test_nested_pedigree_relations_that_should_be_recorded[nested_pedigree_A1-settings_basic.yaml-M-L-DAUG-22]" time="0.066" /><testcase classname="tests.integration.test_integration_using-explicit-test-cases" name="test_nested_pedigree_relations_that_should_be_recorded[nested_pedigree_A1-settings_basic.yaml-M-K-DAUG-22]" time="0.067" /><testcase classname="tests.integration.test_integration_using-explicit-test-cases" name="test_nested_pedigree_relations_that_should_be_recorded[nested_pedigree_A2-settings_basic.yaml-C-B-DAUG-7]" time="0.072" /><testcase classname="tests.integration.test_integration_using-explicit-test-cases" name="test_nested_pedigree_relations_that_should_be_recorded[nested_pedigree_A2-settings_basic.yaml-C-A-DAUG-7]" time="0.047" /><testcase classname="tests.integration.test_integration_using-explicit-test-cases" name="test_nested_pedigree_relations_that_should_be_recorded[nested_pedigree_A2-settings_basic.yaml-E-D-DAUG-10]" time="0.056" /><testcase classname="tests.integration.test_integration_using-explicit-test-cases" name="test_nested_pedigree_relations_that_should_be_recorded[nested_pedigree_A2-settings_basic.yaml-E-C-DAUG-10]" time="0.092" /><testcase classname="tests.integration.test_integration_using-explicit-test-cases" name="test_nested_pedigree_relations_that_should_be_recorded[nested_pedigree_A2-settings_basic.yaml-H-G-DAUG-16]" time="0.051" /><testcase classname="tests.integration.test_integration_using-explicit-test-cases" name="test_nested_pedigree_relations_that_should_be_recorded[nested_pedigree_A2-settings_basic.yaml-H-F-DAUG-16]" time="0.056" /><testcase classname="tests.integration.test_integration_using-explicit-test-cases" name="test_nested_pedigree_relations_that_should_be_recorded[nested_pedigree_A2-settings_basic.yaml-J-I-DAUG-19]" time="0.047" /><testcase classname="tests.integration.test_integration_using-explicit-test-cases" name="test_nested_pedigree_relations_that_should_be_recorded[nested_pedigree_A2-settings_basic.yaml-J-H-DAUG-19]" time="0.044" /><testcase classname="tests.integration.test_integration_using-explicit-test-cases" name="test_nested_pedigree_relations_that_should_be_recorded[nested_pedigree_A3-settings_basic.yaml-B-A-DAUG-6]" time="0.038" /><testcase classname="tests.integration.test_integration_using-explicit-test-cases" name="test_nested_pedigree_relations_that_should_be_recorded[nested_pedigree_A3-settings_basic.yaml-K-J-SON-15]" time="0.040" /><testcase classname="tests.integration.test_integration_using-explicit-test-cases" name="test_nested_pedigree_relations_that_should_be_recorded[nested_pedigree_A3-settings_basic.yaml-K-B-SON-15]" time="0.037" /><testcase classname="tests.integration.test_integration_using-explicit-test-cases" name="test_nested_pedigree_relations_that_should_be_recorded[nested_pedigree_A3+-settings_basic.yaml-CRAWFURD, Barbara-CRAWFURD, Andrew-DAUG-6]" time="0.038" /><testcase classname="tests.integration.test_integration_using-explicit-test-cases" name="test_nested_pedigree_relations_that_should_be_recorded[nested_pedigree_A3+-settings_basic.yaml-LOGAN, John-LOGAN, James-SON-16]" time="0.038" /><testcase classname="tests.integration.test_integration_using-explicit-test-cases" name="test_nested_pedigree_relations_that_should_be_recorded[nested_pedigree_A3+-settings_basic.yaml-LOGAN, John-CRAWFURD, Barbara-SON-16]" time="0.041" /><testcase classname="tests.integration.test_integration_using-explicit-test-cases" name="test_nested_pedigree_relations_that_should_be_recorded[nested_pedigree_A4-settings_basic.yaml-B-A-DAUG-7]" time="0.043" /><testcase classname="tests.integration.test_integration_using-explicit-test-cases" name="test_nested_pedigree_relations_that_should_be_recorded[nested_pedigree_A4-settings_basic.yaml-B-D-DAUG-7]" time="0.041" /><testcase classname="tests.integration.test_integration_using-explicit-test-cases" name="test_nested_pedigree_relations_that_should_be_recorded[nested_pedigree_A4-settings_basic.yaml-K-J-SON-16]" time="0.044" /><testcase classname="tests.integration.test_integration_using-explicit-test-cases" name="test_nested_pedigree_relations_that_should_be_recorded[nested_pedigree_A4-settings_basic.yaml-K-B-SON-16]" time="0.042" /><testcase classname="tests.integration.test_integration_using-explicit-test-cases" name="test_nested_pedigree_relations_that_should_be_recorded[nested_pedigree_A4+-settings_basic.yaml-CRAWFURD, Barbara-CRAWFURD, Andrew-DAUG-7]" time="0.044" /><testcase classname="tests.integration.test_integration_using-explicit-test-cases" name="test_nested_pedigree_relations_that_should_be_recorded[nested_pedigree_A4+-settings_basic.yaml-CRAWFURD, Barbara-LOGAN, .-DAUG-7]" time="0.043" /><testcase classname="tests.integration.test_integration_using-explicit-test-cases" name="test_nested_pedigree_relations_that_should_be_recorded[nested_pedigree_A4+-settings_basic.yaml-LOGAN, John-LOGAN, James-SON-17]" time="0.045" /><testcase classname="tests.integration.test_integration_using-explicit-test-cases" name="test_nested_pedigree_relations_that_should_be_recorded[nested_pedigree_A4+-settings_basic.yaml-LOGAN, John-CRAWFURD, Barbara-SON-17]" time="0.043" /><testcase classname="tests.integration.test_integration_using-explicit-test-cases" name="test_nested_pedigree_relations_that_should_be_recorded[nested_pedigree_A5-settings_basic.yaml-C-B-DAUG-7]" time="0.061" /><testcase classname="tests.integration.test_integration_using-explicit-test-cases" name="test_nested_pedigree_relations_that_should_be_recorded[nested_pedigree_A5-settings_basic.yaml-C-A-DAUG-7]" time="0.059" /><testcase classname="tests.integration.test_integration_using-explicit-test-cases" name="test_nested_pedigree_relations_that_should_be_recorded[nested_pedigree_A5-settings_basic.yaml-E-D-DAUG-10]" time="0.064" /><testcase classname="tests.integration.test_integration_using-explicit-test-cases" name="test_nested_pedigree_relations_that_should_be_recorded[nested_pedigree_A5-settings_basic.yaml-E-C-DAUG-10]" time="0.065" /><testcase classname="tests.integration.test_integration_using-explicit-test-cases" name="test_nested_pedigree_relations_that_should_be_recorded[nested_pedigree_A5-settings_basic.yaml-G-F-DAUG-13]" time="0.062" /><testcase classname="tests.integration.test_integration_using-explicit-test-cases" name="test_nested_pedigree_relations_that_should_be_recorded[nested_pedigree_A5-settings_basic.yaml-G-E-DAUG-13]" time="0.064" /><testcase classname="tests.integration.test_integration_using-explicit-test-cases" name="test_nested_pedigree_relations_that_should_be_recorded[nested_pedigree_A5-settings_basic.yaml-I-H-DAUG-16]" time="0.063" /><testcase classname="tests.integration.test_integration_using-explicit-test-cases" name="test_nested_pedigree_relations_that_should_be_recorded[nested_pedigree_A5-settings_basic.yaml-I-C-DAUG-16]" time="0.061" /><testcase classname="tests.integration.test_integration_using-explicit-test-cases" name="test_nested_pedigree_relations_that_should_be_recorded[nested_pedigree_A5-settings_basic.yaml-K-J-DAUG-19]" time="0.075" /><testcase classname="tests.integration.test_integration_using-explicit-test-cases" name="test_nested_pedigree_relations_that_should_be_recorded[nested_pedigree_A5-settings_basic.yaml-K-C-DAUG-19]" time="0.075" /><testcase classname="tests.integration.test_integration_using-explicit-test-cases" name="test_nested_pedigree_relations_that_should_be_recorded[nested_pedigree_A5-settings_basic.yaml-M-L-DAUG-22]" time="0.084" /><testcase classname="tests.integration.test_integration_using-explicit-test-cases" name="test_nested_pedigree_relations_that_should_be_recorded[nested_pedigree_A5-settings_basic.yaml-M-A-DAUG-22]" time="0.070" /><testcase classname="tests.integration.test_integration_using-explicit-test-cases" name="test_datapoint_extraction[table_shortcuts_multiple_A-settings_colour_shortcuts.yaml-expected_df0]" time="0.078" /><testcase classname="tests.integration.test_integration_using-explicit-test-cases" name="test_datapoint_extraction[table_shortcuts_multiple_B-settings_colour_shortcuts.yaml-expected_df1]" time="0.080" /><testcase classname="tests.integration.test_integration_using-explicit-test-cases" name="test_datapoint_extraction[table_shortcuts_multiple_C-settings_colour_shortcuts.yaml-expected_df2]" time="0.073" /><testcase classname="tests.integration.test_integration_using-explicit-test-cases" name="test_datapoint_extraction[table_shortcuts_multiple_D1-settings_colour-shape_shortcuts.yaml-expected_df3]" time="0.078" /><testcase classname="tests.integration.test_integration_using-explicit-test-cases" name="test_datapoint_extraction[table_shortcuts_multiple_D2-settings_colour-shape_shortcuts.yaml-expected_df4]" time="0.105"><skipped type="pytest.xfail" message="Bug (see issue #36)" /></testcase><testcase classname="tests.integration.test_integration_using-explicit-test-cases" name="test_datapoint_extraction[table_shortcuts_multiple_E-settings_colour_shortcuts.yaml-expected_df5]" time="0.118" /><testcase classname="tests.integration.test_integration_using-explicit-test-cases" name="test_datapoint_extraction[table_shortcuts_multiple_F-settings_colour_shortcuts.yaml-expected_df6]" time="0.071" /><testcase classname="tests.integration.test_integration_using-explicit-test-cases" name="test_datapoint_extraction[table_shortcuts_multiple_G-settings_colour_shortcuts.yaml-expected_df7]" time="0.064" /><testcase classname="tests.integration.test_integration_using-explicit-test-cases" name="test_datapoint_extraction[table_shortcuts_multiple_H-settings_colour_shortcuts.yaml-expected_df8]" time="0.061" /><testcase classname="tests.unit.test_functions" name="test_is_action_group_directed[###\tvs[A]-True]" time="0.006" /><testcase classname="tests.unit.test_functions" name="test_is_action_group_directed[###\tw/[A]-False]" time="0.007" /><testcase classname="tests.unit.test_functions" name="test_is_action_group_directed[###\ta[A]-None]" time="0.006" /><testcase classname="tests.unit.test_functions" name="test_extract_action_details[A-s_dict_expected0]" time="0.007" /><testcase classname="tests.unit.test_functions" name="test_extract_action_details[A*-s_dict_expected1]" time="0.005" /><testcase classname="tests.unit.test_functions" name="test_extract_pedigree_action_details[###\t&gt;\t\tE-s_dict_expected0]" time="0.006" /><testcase classname="tests.unit.test_functions" name="test_extract_pedigree_action_details[###\t&gt;\t\tE*-s_dict_expected1]" time="0.005" /><testcase classname="tests.unit.test_functions" name="test_remove_all_leading_action_markup[###\t(\tX-X]" time="0.006" /><testcase classname="tests.unit.test_functions" name="test_remove_all_leading_action_markup[###\t\tX-X]" time="0.005" /><testcase classname="tests.unit.test_functions" name="test_remove_all_leading_action_markup[###\t&gt;\t(\tX-X]" time="0.005" /><testcase classname="tests.unit.test_functions" name="test_remove_all_leading_action_markup[###\t&gt;\t&gt;\t\tX-X]" time="0.007" /><testcase classname="tests.unit.test_functions" name="test_remove_all_leading_action_markup[###\t&gt;\t(&gt;\t\tX-X]" time="0.005" /><testcase classname="tests.unit.test_functions" name="test_remove_all_leading_action_markup[###\t(\t@X-@X]" time="0.006" /><testcase classname="tests.unit.test_functions" name="test_remove_all_leading_action_markup[###\t\t@X-@X]" time="0.006" /><testcase classname="tests.unit.test_functions" name="test_remove_all_leading_action_markup[###\t&gt;\t(\t@X-@X]" time="0.005" /><testcase classname="tests.unit.test_functions" name="test_remove_all_leading_action_markup[###\t&gt;\t&gt;\t\t@X-@X]" time="0.006" /><testcase classname="tests.unit.test_functions" name="test_remove_all_leading_action_markup[###\t&gt;\t(&gt;\t\t@X-@X]" time="0.005" /><testcase classname="tests.unit.test_functions" name="test_remove_all_leading_relation_markup[###\t&gt;\t*A*-&gt;\t*A*]" time="0.006" /><testcase classname="tests.unit.test_functions" name="test_remove_all_leading_relation_markup[###\t&gt;\t&gt;\t*A*-&gt;\t&gt;\t*A*]" time="0.005" /><testcase classname="tests.unit.test_functions" name="test_remove_all_leading_peopla_markup[###\t[A, B]-[A, B]]" time="0.005" /><testcase classname="tests.unit.test_functions" name="test_remove_all_leading_peopla_markup[###\t[A, B](n){i-0}-[A, B](n){i-0}]" time="0.006" /><testcase classname="tests.unit.test_functions" name="test_remove_all_leading_peopla_markup[###\t[M'A, B]-[M'A, B]]" time="0.005" /><testcase classname="tests.unit.test_functions" name="test_remove_all_leading_peopla_markup[###\tvs[A, B]-[A, B]]" time="0.005" /><testcase classname="tests.unit.test_functions" name="test_remove_all_leading_peopla_markup[###\tw/[A, B]-[A, B]]" time="0.006" /><testcase classname="tests.unit.test_functions" name="test_remove_all_leading_peopla_markup[###\t(&gt;\t[A, B]-[A, B]]" time="0.005" /><testcase classname="tests.unit.test_functions" name="test_remove_all_leading_peopla_markup[###\t&gt;\t[A, B]-[A, B]]" time="0.006" /><testcase classname="tests.unit.test_functions" name="test_remove_all_leading_peopla_markup[###\t&gt;\t&gt;\t[A, B]-[A, B]]" time="0.005" /><testcase classname="tests.unit.test_functions" name="test_remove_all_leading_peopla_markup[###\t@[C, D]-@[C, D]]" time="0.005" /><testcase classname="tests.unit.test_functions" name="test_translate_attribute[:-DATE]" time="0.006" /><testcase classname="tests.unit.test_functions" name="test_translate_attribute[@-AT]" time="0.005" /><testcase classname="tests.unit.test_functions" name="test_translate_attribute[X-X]" time="0.005" /><testcase classname="tests.unit.test_functions" name="test_extract_attribute_information[@[P]-s_dict_expected0]" time="0.006" /><testcase classname="tests.unit.test_functions" name="test_extract_attribute_information[:[YYYY-MM]-s_dict_expected1]" time="0.006" /><testcase classname="tests.unit.test_functions" name="test_extract_attribute_information[:[YYYY-MM]~-s_dict_expected2]" time="0.007" /><testcase classname="tests.unit.test_functions" name="test_extract_attribute_information[A[B]-s_dict_expected3]" time="0.005" /><testcase classname="tests.unit.test_functions" name="test_extract_relation_details[&gt;\t*X*-s_dict_expected0]" time="0.007" /><testcase classname="tests.unit.test_functions" name="test_extract_relation_details[&gt;\t&gt;\t*Y*-s_dict_expected1]" time="0.006" /><testcase classname="tests.unit.test_functions" name="test_extract_relation_details[&gt;\t&gt;\t&gt;\t*Z*-s_dict_expected2]" time="0.006" /><testcase classname="tests.unit.test_functions" name="test_extract_peopla_details[###\t[Surname, First]-s_dict_expected0]" time="0.005" /><testcase classname="tests.unit.test_functions" name="test_extract_peopla_details[###\t[Surname, First](local-id)-s_dict_expected1]" time="0.006" /><testcase classname="tests.unit.test_functions" name="test_extract_peopla_details[###\t[Surname, First]{global-id}-s_dict_expected2]" time="0.006" /><testcase classname="tests.unit.test_functions" name="test_extract_peopla_details[###\t[Surname, First]*-s_dict_expected3]" time="0.005" /><testcase classname="tests.unit.test_functions" name="test_extract_peopla_details[###\t[Surname, First](local-id){global-id}-s_dict_expected4]" time="0.006" /><testcase classname="tests.unit.test_functions" name="test_extract_peopla_details[###\t@[Place, A](local-id){global-id}-s_dict_expected5]" time="0.005" /><testcase classname="tests.unit.test_functions" name="test_gender_inference_from_relation[DAUG-FEMALE]" time="0.005" /><testcase classname="tests.unit.test_functions" name="test_gender_inference_from_relation[MOTHER-FEMALE]" time="0.006" /><testcase classname="tests.unit.test_functions" name="test_gender_inference_from_relation[SON-MALE]" time="0.005" /><testcase classname="tests.unit.test_functions" name="test_gender_inference_from_relation[FATHER-MALE]" time="0.005" /><testcase classname="tests.unit.test_functions" name="test_gender_inference_from_relation[X-UNKNOWN]" time="0.005" /><testcase classname="tests.unit.test_functions" name="test_breadcrumb_updates[input_list0-0-A-expected_output0]" time="0.005" /><testcase classname="tests.unit.test_functions" name="test_breadcrumb_updates[input_list1-0-A-expected_output1]" time="0.007" /><testcase classname="tests.unit.test_functions" name="test_breadcrumb_updates[input_list2-0-A-expected_output2]" time="0.006" /><testcase classname="tests.unit.test_functions" name="test_breadcrumb_updates[input_list3-1-B-expected_output3]" time="0.006" /><testcase classname="tests.unit.test_functions" name="test_breadcrumb_updates[input_list4-1-C-expected_output4]" time="0.006" /><testcase classname="tests.unit.test_functions" name="test_breadcrumb_updates[input_list5-1-C-expected_output5]" time="0.006" /><testcase classname="tests.unit.test_functions" name="test_breadcrumb_updates[input_list6-1-A-expected_output6]" time="0.006" /><testcase classname="tests.unit.test_functions" name="test_breadcrumb_updates[input_list7-2-A-expected_output7]" time="0.005" /><testcase classname="tests.unit.test_functions" name="test_breadcrumb_updates[input_list8-2-B-expected_output8]" time="0.006" /><testcase classname="tests.unit.test_functions" name="test_pad_with_none[input_list0-1-expected_output0]" time="0.005" /><testcase classname="tests.unit.test_functions" name="test_pad_with_none[input_list1-2-expected_output1]" time="0.006" /><testcase classname="tests.unit.test_functions" name="test_pad_with_none[input_list2-1-expected_output2]" time="0.005" /><testcase classname="tests.unit.test_functions" name="test_pad_with_none[input_list3-2-expected_output3]" time="0.005" /><testcase classname="tests.unit.test_functions" name="test_get_pedigree_depth[###\t[X]-0]" time="0.006" /><testcase classname="tests.unit.test_functions" name="test_get_pedigree_depth[###\t&gt;\t[X]-1]" time="0.005" /><testcase classname="tests.unit.test_functions" name="test_get_pedigree_depth[###\t&gt;\t&gt;\t[X]-2]" time="0.005" /><testcase classname="tests.unit.test_functions" name="test_get_pedigree_depth[###\t(&gt;\t[X]-1]" time="0.007" /><testcase classname="tests.unit.test_functions" name="test_get_pedigree_depth[###\t(&gt;\t&gt;\t[X]-2]" time="0.005" /><testcase classname="tests.unit.test_functions" name="test_get_pedigree_depth[###\t&gt;\t[&gt;]-1]" time="0.005" /><testcase classname="tests.unit.test_functions" name="test_count_indent[###\t\t[X]-2]" time="0.005" /><testcase classname="tests.unit.test_functions" name="test_count_indent[###\t&gt;\t[X]-2]" time="0.005" /><testcase classname="tests.unit.test_functions" name="test_count_indent[###\t\t\t[X]-3]" time="0.006" /><testcase classname="tests.unit.test_functions" name="test_count_indent[###\t&gt;\t\t[X]-3]" time="0.005" /><testcase classname="tests.unit.test_functions" name="test_count_indent[###\t&gt;\t&gt;\t[X]-3]" time="0.006" /><testcase classname="tests.unit.test_functions" name="test_count_indent[###\t(\t[X]-2]" time="0.005" /><testcase classname="tests.unit.test_functions" name="test_count_indent[###\t(&gt;\t[X]-2]" time="0.005" /><testcase classname="tests.unit.test_functions" name="test_count_indent[###\t(\t(\t[X]-3]" time="0.006" /><testcase classname="tests.unit.test_functions" name="test_count_indent[###\t(&gt;\t\t[X]-3]" time="0.005" /><testcase classname="tests.unit.test_functions" name="test_count_indent[###\t(&gt;\t(&gt;\t[X]-3]" time="0.006" /><testcase classname="tests.unit.test_functions" name="test_remove_all_leading_pedigree_action_markup[###\t&gt;\t\tE-E]" time="0.005" /><testcase classname="tests.unit.test_functions" name="test_remove_all_leading_pedigree_action_markup[###\t&gt;\t&gt;\t\tE-E]" time="0.005" /><testcase classname="tests.unit.test_functions" name="test_obtain_and_remove_scope[###\tX-###\tX-full]" time="0.006" /><testcase classname="tests.unit.test_functions" name="test_obtain_and_remove_scope[###\t&gt;\tX-###\t&gt;\tX-full]" time="0.005" /><testcase classname="tests.unit.test_functions" name="test_obtain_and_remove_scope[###\t(&gt;\tX-###\t&gt;\tX-leaf]" time="0.005" /><testcase classname="tests.unit.test_functions" name="test_obtain_and_remove_scope[###\t&gt;\t&gt;\tX-###\t&gt;\t&gt;\tX-full]" time="0.006" /><testcase classname="tests.unit.test_functions" name="test_obtain_and_remove_scope[###\t(&gt;\t&gt;\tX-###\t&gt;\t&gt;\tX-leaf]" time="0.005" /><testcase classname="tests.unit.test_functions" name="test_obtain_and_remove_scope[###\t[X]-###\t[X]-full]" time="0.006" /><testcase classname="tests.unit.test_functions" name="test_obtain_and_remove_scope[###\t&gt;\t[X]-###\t&gt;\t[X]-full]" time="0.005" /><testcase classname="tests.unit.test_functions" name="test_obtain_and_remove_scope[###\t(&gt;\t[X]-###\t&gt;\t[X]-leaf]" time="0.005" /><testcase classname="tests.unit.test_functions" name="test_obtain_and_remove_scope[###\t&gt;\t&gt;\t[X]-###\t&gt;\t&gt;\t[X]-full]" time="0.007" /><testcase classname="tests.unit.test_functions" name="test_obtain_and_remove_scope[###\t(&gt;\t&gt;\t[X]-###\t&gt;\t&gt;\t[X]-leaf]" time="0.005" /><testcase classname="tests.unit.test_functions" name="test_obtain_and_remove_scope[###\t@X-###\t@X-full]" time="0.005" /><testcase classname="tests.unit.test_functions" name="test_obtain_and_remove_scope[###\t&gt;\t@X-###\t&gt;\t@X-full]" time="0.005" /><testcase classname="tests.unit.test_functions" name="test_obtain_and_remove_scope[###\t(&gt;\t@X-###\t&gt;\t@X-leaf]" time="0.005" /><testcase classname="tests.unit.test_functions" name="test_obtain_and_remove_scope[###\t&gt;\t&gt;\t@X-###\t&gt;\t&gt;\t@X-full]" time="0.007" /><testcase classname="tests.unit.test_functions" name="test_obtain_and_remove_scope[###\t(&gt;\t&gt;\t@X-###\t&gt;\t&gt;\t@X-leaf]" time="0.005" /><testcase classname="tests.unit.test_functions" name="test_obtain_and_remove_scope[###\tX(i-1)-###\tX(i-1)-full]" time="0.006" /><testcase classname="tests.unit.test_functions" name="test_obtain_and_remove_scope[###\t[X](i-1)-###\t[X](i-1)-full]" time="0.005" /><testcase classname="tests.unit.test_functions" name="test_obtain_and_remove_scope[###\t@X(i-1)-###\t@X(i-1)-full]" time="0.005" /><testcase classname="tests.unit.test_functions" name="test_obtain_and_remove_scope[###\t(\tX(i-1)-###\t\tX(i-1)-leaf]" time="0.007" /><testcase classname="tests.unit.test_functions" name="test_obtain_and_remove_scope[###\t(\t[X](i-1)-###\t\t[X](i-1)-leaf]" time="0.005" /><testcase classname="tests.unit.test_functions" name="test_obtain_and_remove_scope[###\t(\t@X(i-1)-###\t\t@X(i-1)-leaf]" time="0.006" /><testcase classname="tests.unit.test_functions" name="test_obtain_and_remove_scope[TEST-TEST-None]" time="0.005" /><testcase classname="tests.unit.test_functions" name="test_obtain_and_remove_scope[##    X-##    X-None]" time="0.005" /><testcase classname="tests.unit.test_functions" name="test_obtain_and_remove_scope[--None]" time="0.006" /><testcase classname="tests.unit.test_functions" name="test_obtain_and_remove_scope[!-!-None]" time="0.005" /></testsuite></testsuites>